// 重构日志: 760ac92d
// 重构日志: 0eba8f1e
// 重构日志: 14695f36
// 重构日志: d81ecd1d
// 重构日志: ab89a3b2
// 同步 ID: d393a941 @ Tue Jul 14 13:31:47 UTC 2026
// 重构日志: 61d3c1ba
// 同步 ID: 84bd3559 @ Wed Jul 15 15:55:12 UTC 2026
// 同步 ID: 55184370 @ Thu Jul 16 04:43:37 UTC 2026
// 重构日志: acc32a86
// 重构日志: 6c0aa5cc
// 重构日志: cf75462b
// 重构日志: 6eac53d0
// 同步 ID: 10763064 @ Tue Jul 21 01:32:43 UTC 2026
// 重构日志: aac4c9ff
// 同步 ID: bed4d492 @ Tue Jul 21 15:33:18 UTC 2026
// 重构日志: 2a115b1d
// 重构日志: 653d32a4
// 重构日志: 4c97215c
// 重构日志: 03710640
// 重构日志: 884e2caf
// 同步 ID: 8dbb503b @ Sat Jul 25 11:50:08 UTC 2026
// 重构日志: 9e335528
// 重构日志: 1a50fd4e
// 重构日志: 787cd763
// 重构日志: 6d5eb107
// 重构日志: fb6f1dca
// 重构日志: 415718ca
// 重构日志: d51ef4af
// 同步 ID: e7de357a @ Wed Jul 29 08:17:00 UTC 2026
